-timescale=1ns/1ps
//-------------------------------------
// DUT Define 
//-------------------------------------

//-------------------------------------
// DUT Include 
//-------------------------------------

//-------------------------------------
// DUT Filelist
//-------------------------------------

//-------------------------------------
// C Define 
//-------------------------------------

//-------------------------------------
// C Include 
//-------------------------------------

//-------------------------------------
// C Filelist
//-------------------------------------

//-------------------------------------
// SV Define
//-------------------------------------
+define+YUU_AHB_MAX_MASTER_NUM=1
+define+YUU_AHB_MAX_SLAVE_NUM=1
+define+YUU_AHB_MAX_ADDR_WIDTH=32
+define+YUU_AHB_MAX_DATA_WIDTH=32

//-------------------------------------
// SV Include
//-------------------------------------
+incdir+../../pkg/yuu_common/include
+incdir+../../pkg/yuu_common/src/sv
+incdir+../../include
+incdir+../../src/sv
+incdir+../../seq
+incdir+../../test/common

//-------------------------------------
// SV Filelist
//-------------------------------------
../../pkg/yuu_common/include/yuu_common_pkg.sv
../../include/yuu_ahb_pkg.sv

//-------------------------------------
// Case List
//-------------------------------------
../case/yuu_ahb_base_case.sv
../case/yuu_ahb_direct_case.sv
../case/yuu_ahb_ral_case.sv
../case/yuu_ahb_b2b_case.sv
../case/yuu_ahb_raw_case.sv

//-------------------------------------
// Top Module
//-------------------------------------
../common/top.sv
